SET client_min_messages = warning;
CREATE EXTENSION pglogical;
CREATE EXTENSION pgl_ddl_deploy;
