--These will show different warnings depending on version 
SET client_min_messages = error;
\set VERBOSITY TERSE
/***
No deploy allowed if table would be added to replication
***/
SET ROLE test_pgl_ddl_deploy;
CREATE TABLE foo(id serial primary key);
SET ROLE postgres;
SELECT pgl_ddl_deploy.deploy('test1');
 deploy 
--------
 f
(1 row)

SET ROLE test_pgl_ddl_deploy;
DROP TABLE foo;
SET ROLE postgres;
--This should work now
SELECT pgl_ddl_deploy.deploy('test1');
 deploy 
--------
 t
(1 row)

--This should work
SELECT pgl_ddl_deploy.disable('test1');
 disable 
---------
 t
(1 row)

--This should not work
SET ROLE test_pgl_ddl_deploy;
CREATE TABLE foo(id serial primary key);
SET ROLE postgres;
SELECT pgl_ddl_deploy.enable('test1');
 enable 
--------
 f
(1 row)

SET ROLE test_pgl_ddl_deploy;
DROP TABLE foo;
SET ROLE postgres;
--This should work now
SELECT pgl_ddl_deploy.enable('test1');
 enable 
--------
 t
(1 row)

--Enable all the rest
DO $$
DECLARE v_rec RECORD;
BEGIN

FOR v_rec IN
    SELECT set_name
    FROM pglogical.replication_set
    WHERE set_name LIKE 'test%' AND set_name <> 'test1'
    ORDER BY set_name
LOOP

PERFORM pgl_ddl_deploy.deploy(v_rec.set_name);

END LOOP;

END$$;
