SET client_min_messages = warning;
-- We need to eventually test this on a real subscriber
SET search_path TO '';
CREATE SCHEMA bla;
-- We test the subcommand feature with the other repset_table tests
